// Jest Snapshot v1, https://goo.gl/fbAQLP

exports[`render renders component 1`] = `
<div>
  <Connect(ExpenseListFilter) />
  <Connect(ExpenseList) />
</div>
`;
